Archive member included because of file (symbol)

c:/program files/embitz/0.42/share/em_armgcc/bin/../lib/gcc/arm-none-eabi/4.8.4/armv7-m\libgcc.a(unwind-arm.o)
                              obj\debug\src\adxl345.o (__aeabi_unwind_cpp_pr1)
c:/program files/embitz/0.42/share/em_armgcc/bin/../lib/gcc/arm-none-eabi/4.8.4/armv7-m\libgcc.a(libunwind.o)
                              c:/program files/embitz/0.42/share/em_armgcc/bin/../lib/gcc/arm-none-eabi/4.8.4/armv7-m\libgcc.a(unwind-arm.o) (restore_core_regs)
c:/program files/embitz/0.42/share/em_armgcc/bin/../lib/gcc/arm-none-eabi/4.8.4/armv7-m\libgcc.a(pr-support.o)
                              c:/program files/embitz/0.42/share/em_armgcc/bin/../lib/gcc/arm-none-eabi/4.8.4/armv7-m\libgcc.a(unwind-arm.o) (__gnu_unwind_execute)
c:/program files/embitz/0.42/share/em_armgcc/bin/../lib/gcc/arm-none-eabi/4.8.4/../../../../arm-none-eabi/lib/armv7-m\libg_n.a(lib_a-abort.o)
                              c:/program files/embitz/0.42/share/em_armgcc/bin/../lib/gcc/arm-none-eabi/4.8.4/armv7-m\libgcc.a(unwind-arm.o) (abort)
c:/program files/embitz/0.42/share/em_armgcc/bin/../lib/gcc/arm-none-eabi/4.8.4/../../../../arm-none-eabi/lib/armv7-m\libg_n.a(lib_a-exit.o)
                              c:/program files/embitz/0.42/share/em_armgcc/bin/../lib/gcc/arm-none-eabi/4.8.4/../../../../arm-none-eabi/lib/armv7-m/crt0.o (exit)
c:/program files/embitz/0.42/share/em_armgcc/bin/../lib/gcc/arm-none-eabi/4.8.4/../../../../arm-none-eabi/lib/armv7-m\libg_n.a(lib_a-impure.o)
                              c:/program files/embitz/0.42/share/em_armgcc/bin/../lib/gcc/arm-none-eabi/4.8.4/../../../../arm-none-eabi/lib/armv7-m\libg_n.a(lib_a-exit.o) (_global_impure_ptr)
c:/program files/embitz/0.42/share/em_armgcc/bin/../lib/gcc/arm-none-eabi/4.8.4/../../../../arm-none-eabi/lib/armv7-m\libg_n.a(lib_a-init.o)
                              c:/program files/embitz/0.42/share/em_armgcc/bin/../lib/gcc/arm-none-eabi/4.8.4/../../../../arm-none-eabi/lib/armv7-m/crt0.o (__libc_init_array)
c:/program files/embitz/0.42/share/em_armgcc/bin/../lib/gcc/arm-none-eabi/4.8.4/../../../../arm-none-eabi/lib/armv7-m\libg_n.a(lib_a-memcpy-stub.o)
                              c:/program files/embitz/0.42/share/em_armgcc/bin/../lib/gcc/arm-none-eabi/4.8.4/armv7-m\libgcc.a(unwind-arm.o) (memcpy)
c:/program files/embitz/0.42/share/em_armgcc/bin/../lib/gcc/arm-none-eabi/4.8.4/../../../../arm-none-eabi/lib/armv7-m\libg_n.a(lib_a-memset.o)
                              c:/program files/embitz/0.42/share/em_armgcc/bin/../lib/gcc/arm-none-eabi/4.8.4/../../../../arm-none-eabi/lib/armv7-m/crt0.o (memset)
c:/program files/embitz/0.42/share/em_armgcc/bin/../lib/gcc/arm-none-eabi/4.8.4/../../../../arm-none-eabi/lib/armv7-m\libg_n.a(lib_a-signal.o)
                              c:/program files/embitz/0.42/share/em_armgcc/bin/../lib/gcc/arm-none-eabi/4.8.4/../../../../arm-none-eabi/lib/armv7-m\libg_n.a(lib_a-abort.o) (raise)
c:/program files/embitz/0.42/share/em_armgcc/bin/../lib/gcc/arm-none-eabi/4.8.4/../../../../arm-none-eabi/lib/armv7-m\libg_n.a(lib_a-signalr.o)
                              c:/program files/embitz/0.42/share/em_armgcc/bin/../lib/gcc/arm-none-eabi/4.8.4/../../../../arm-none-eabi/lib/armv7-m\libg_n.a(lib_a-signal.o) (_kill_r)
c:/program files/embitz/0.42/share/em_armgcc/bin/../lib/gcc/arm-none-eabi/4.8.4/../../../../arm-none-eabi/lib/armv7-m\libg_n.a(lib_a-nano-mallocr.o)
                              c:/program files/embitz/0.42/share/em_armgcc/bin/../lib/gcc/arm-none-eabi/4.8.4/../../../../arm-none-eabi/lib/armv7-m\libg_n.a(lib_a-signal.o) (_malloc_r)
c:/program files/embitz/0.42/share/em_armgcc/bin/../lib/gcc/arm-none-eabi/4.8.4/../../../../arm-none-eabi/lib/armv7-m\libg_n.a(lib_a-reent.o)
                              c:/program files/embitz/0.42/share/em_armgcc/bin/../lib/gcc/arm-none-eabi/4.8.4/../../../../arm-none-eabi/lib/armv7-m\libg_n.a(lib_a-signalr.o) (errno)
c:/program files/embitz/0.42/share/em_armgcc/bin/../lib/gcc/arm-none-eabi/4.8.4/../../../../arm-none-eabi/lib/armv7-m\libg_n.a(lib_a-sbrkr.o)
                              c:/program files/embitz/0.42/share/em_armgcc/bin/../lib/gcc/arm-none-eabi/4.8.4/../../../../arm-none-eabi/lib/armv7-m\libg_n.a(lib_a-nano-mallocr.o) (_sbrk_r)
c:/program files/embitz/0.42/share/em_armgcc/bin/../lib/gcc/arm-none-eabi/4.8.4/../../../../arm-none-eabi/lib/armv7-m\libg_n.a(lib_a-nano-freer.o)
                              c:/program files/embitz/0.42/share/em_armgcc/bin/../lib/gcc/arm-none-eabi/4.8.4/../../../../arm-none-eabi/lib/armv7-m\libg_n.a(lib_a-reent.o) (_free_r)
c:/program files/embitz/0.42/share/em_armgcc/bin/../lib/gcc/arm-none-eabi/4.8.4/../../../../arm-none-eabi/lib/armv7-m\libnosys_s.a(getpid.o)
                              c:/program files/embitz/0.42/share/em_armgcc/bin/../lib/gcc/arm-none-eabi/4.8.4/../../../../arm-none-eabi/lib/armv7-m\libg_n.a(lib_a-signalr.o) (_getpid)
[...]
Memory Configuration

Name             Origin             Length             Attributes
ROM              0x08000000         0x00020000         xr
RAM              0x20000000         0x00005000         xrw
*default*        0x00000000         0xffffffff

Linker script and memory map

LOAD c:/program files/embitz/0.42/share/em_armgcc/bin/../lib/gcc/arm-none-eabi/4.8.4/armv7-m/crti.o
LOAD c:/program files/embitz/0.42/share/em_armgcc/bin/../lib/gcc/arm-none-eabi/4.8.4/armv7-m/crtbegin.o
LOAD c:/program files/embitz/0.42/share/em_armgcc/bin/../lib/gcc/arm-none-eabi/4.8.4/../../../../arm-none-eabi/lib/armv7-m/crt0.o
                0x00000000                __HEAP_SIZE = 0x0
                0x00000100                __STACK_SIZE = 0x100

.text           0x08000000      0xb0c
 *(.isr_vector)
 .isr_vector    0x08000000       0xec obj\debug\src\startup_stm32f10x_md.o
                0x08000000                __isr_vector
 *(.text*)
 .text          0x080000ec       0x54 c:/program files/embitz/0.42/share/em_armgcc/bin/../lib/gcc/arm-none-eabi/4.8.4/armv7-m/crtbegin.o
 .text          0x08000140       0x74 c:/program files/embitz/0.42/share/em_armgcc/bin/../lib/gcc/arm-none-eabi/4.8.4/../../../../arm-none-eabi/lib/armv7-m/crt0.o
                0x08000140                _start
                0x08000140                _mainCRTStartup
 .text.GPIO_Init
                0x080001b4      0x178 obj\debug\spl\src\stm32f10x_gpio.o
                0x080001b4                GPIO_Init
 .text.GPIO_StructInit
                0x0800032c       0x28 obj\debug\spl\src\stm32f10x_gpio.o
                0x0800032c                GPIO_StructInit
 .text.GPIO_SetBits
                0x08000354       0x1c obj\debug\spl\src\stm32f10x_gpio.o
                0x08000354                GPIO_SetBits
 .text.GPIO_ResetBits
                0x08000370       0x1c obj\debug\spl\src\stm32f10x_gpio.o
                0x08000370                GPIO_ResetBits
 .text.RCC_APB2PeriphClockCmd
                0x0800038c       0x3c obj\debug\spl\src\stm32f10x_rcc.o
                0x0800038c                RCC_APB2PeriphClockCmd
 .text.SPI_Init
                0x080003c8       0x88 obj\debug\spl\src\stm32f10x_spi.o
                0x080003c8                SPI_Init
 .text.SPI_StructInit
                0x08000450       0x48 obj\debug\spl\src\stm32f10x_spi.o
                0x08000450                SPI_StructInit
 .text.SPI_Cmd  0x08000498       0x40 obj\debug\spl\src\stm32f10x_spi.o
                0x08000498                SPI_Cmd
 .text.SPI_I2S_SendData
                0x080004d8       0x1c obj\debug\spl\src\stm32f10x_spi.o
                0x080004d8                SPI_I2S_SendData
 .text.SPI_I2S_ReceiveData
                0x080004f4       0x1c obj\debug\spl\src\stm32f10x_spi.o
                0x080004f4                SPI_I2S_ReceiveData
 .text.SPI_NSSInternalSoftwareConfig
                0x08000510       0x44 obj\debug\spl\src\stm32f10x_spi.o
                0x08000510                SPI_NSSInternalSoftwareConfig
 .text.SPI_I2S_GetFlagStatus
                0x08000554       0x38 obj\debug\spl\src\stm32f10x_spi.o
                0x08000554                SPI_I2S_GetFlagStatus
 .text.spi_write
                0x0800058c       0x50 obj\debug\src\main.o
                0x0800058c                spi_write
 .text.ADXL345oneByteRead
                0x080005dc       0x8c obj\debug\src\main.o
                0x080005dc                ADXL345oneByteRead
 .text.ADXL345oneByteWrite
                0x08000668       0x3c obj\debug\src\main.o
                0x08000668                ADXL345oneByteWrite
 .text.main     0x080006a4       0xb4 obj\debug\src\main.o
                0x080006a4                main
 .text.init     0x08000758       0xac obj\debug\src\main.o
                0x08000758                init
 .text.init_leds
                0x08000804       0x30 obj\debug\src\main.o
                0x08000804                init_leds
 .text          0x08000834       0xb8 obj\debug\src\startup_stm32f10x_md.o
                0x08000834                Reset_Handler
                0x0800087a                NMI_Handler
                0x0800087c                HardFault_Handler
                0x0800087e                MemManage_Handler
                0x08000880                BusFault_Handler
                0x08000882                UsageFault_Handler
                0x08000884                SVC_Handler
                0x08000886                DebugMon_Handler
                0x08000888                PendSV_Handler
                0x0800088a                SysTick_Handler
                0x0800088c                Default_Handler
                0x0800088e                WWDG_IRQHandler
                0x08000890                PVD_IRQHandler
                0x08000892                TAMPER_IRQHandler
                0x08000894                RTC_IRQHandler
                0x08000896                FLASH_IRQHandler
                0x08000898                RCC_IRQHandler
                0x0800089a                EXTI0_IRQHandler
                0x0800089c                EXTI1_IRQHandler
                0x0800089e                EXTI2_IRQHandler
                0x080008a0                EXTI3_IRQHandler
                0x080008a2                EXTI4_IRQHandler
                0x080008a4                DMA1_Channel1_IRQHandler
                0x080008a6                DMA1_Channel2_IRQHandler
                0x080008a8                DMA1_Channel3_IRQHandler
                0x080008aa                DMA1_Channel4_IRQHandler
                0x080008ac                DMA1_Channel5_IRQHandler
                0x080008ae                DMA1_Channel6_IRQHandler
                0x080008b0                DMA1_Channel7_IRQHandler
                0x080008b2                ADC1_2_IRQHandler
                0x080008b4                USB_HP_CAN1_TX_IRQHandler
                0x080008b6                USB_LP_CAN1_RX0_IRQHandler
                0x080008b8                CAN1_RX1_IRQHandler
                0x080008ba                CAN1_SCE_IRQHandler
                0x080008bc                EXTI9_5_IRQHandler
                0x080008be                TIM1_BRK_IRQHandler
                0x080008c0                TIM1_UP_IRQHandler
                0x080008c2                TIM1_TRG_COM_IRQHandler
                0x080008c4                TIM1_CC_IRQHandler
                0x080008c6                TIM2_IRQHandler
                0x080008c8                TIM3_IRQHandler
                0x080008ca                TIM4_IRQHandler
                0x080008cc                I2C1_EV_IRQHandler
                0x080008ce                I2C1_ER_IRQHandler
                0x080008d0                I2C2_EV_IRQHandler
                0x080008d2                I2C2_ER_IRQHandler
                0x080008d4                SPI1_IRQHandler
                0x080008d6                SPI2_IRQHandler
                0x080008d8                USART1_IRQHandler
                0x080008da                USART2_IRQHandler
                0x080008dc                USART3_IRQHandler
                0x080008de                EXTI15_10_IRQHandler
                0x080008e0                RTCAlarm_IRQHandler
                0x080008e2                USBWakeUp_IRQHandler
 .text.SystemInit
                0x080008ec       0x68 obj\debug\src\system_stm32f10x.o
                0x080008ec                SystemInit
 .text.SetSysClock
                0x08000954        0xc obj\debug\src\system_stm32f10x.o
 .text.SetSysClockTo72
                0x08000960      0x100 obj\debug\src\system_stm32f10x.o
 .text.exit     0x08000a60       0x28 c:/program files/embitz/0.42/share/em_armgcc/bin/../lib/gcc/arm-none-eabi/4.8.4/../../../../arm-none-eabi/lib/armv7-m\libg_n.a(lib_a-exit.o)
                0x08000a60                exit
 .text.__libc_init_array
                0x08000a88       0x4c c:/program files/embitz/0.42/share/em_armgcc/bin/../lib/gcc/arm-none-eabi/4.8.4/../../../../arm-none-eabi/lib/armv7-m\libg_n.a(lib_a-init.o)
                0x08000a88                __libc_init_array
 .text.memset   0x08000ad4       0x10 c:/program files/embitz/0.42/share/em_armgcc/bin/../lib/gcc/arm-none-eabi/4.8.4/../../../../arm-none-eabi/lib/armv7-m\libg_n.a(lib_a-memset.o)
                0x08000ad4                memset
 .text          0x08000ae4        0x2 c:/program files/embitz/0.42/share/em_armgcc/bin/../lib/gcc/arm-none-eabi/4.8.4/../../../../arm-none-eabi/lib/armv7-m\libnosys_s.a(_exit.o)
                0x08000ae4                _exit
 *(.init)
 *fill*         0x08000ae6        0x2 
 .init          0x08000ae8        0x4 c:/program files/embitz/0.42/share/em_armgcc/bin/../lib/gcc/arm-none-eabi/4.8.4/armv7-m/crti.o
                0x08000ae8                _init
 .init          0x08000aec        0x8 c:/program files/embitz/0.42/share/em_armgcc/bin/../lib/gcc/arm-none-eabi/4.8.4/armv7-m/crtn.o
 *(.fini)
 .fini          0x08000af4        0x4 c:/program files/embitz/0.42/share/em_armgcc/bin/../lib/gcc/arm-none-eabi/4.8.4/armv7-m/crti.o
                0x08000af4                _fini
 .fini          0x08000af8        0x8 c:/program files/embitz/0.42/share/em_armgcc/bin/../lib/gcc/arm-none-eabi/4.8.4/armv7-m/crtn.o
 *crtbegin.o(.ctors)
 *crtbegin?.o(.ctors)
 *(EXCLUDE_FILE(*crtend.o *crtend?.o) .ctors)
 *(SORT(.ctors.*))
 *(.ctors)
 *crtbegin.o(.dtors)
 *crtbegin?.o(.dtors)
 *(EXCLUDE_FILE(*crtend.o *crtend?.o) .dtors)
 *(SORT(.dtors.*))
 *(.dtors)
 *(.rodata*)
 .rodata.str1.1
                0x08000b00        0x2 c:/program files/embitz/0.42/share/em_armgcc/bin/../lib/gcc/arm-none-eabi/4.8.4/../../../../arm-none-eabi/lib/armv7-m\libg_n.a(lib_a-impure.o)
 *fill*         0x08000b02        0x2 
 .rodata._global_impure_ptr
                0x08000b04        0x4 c:/program files/embitz/0.42/share/em_armgcc/bin/../lib/gcc/arm-none-eabi/4.8.4/../../../../arm-none-eabi/lib/armv7-m\libg_n.a(lib_a-impure.o)
                0x08000b04                _global_impure_ptr
 *(.eh_frame*)
 .eh_frame      0x08000b08        0x0 c:/program files/embitz/0.42/share/em_armgcc/bin/../lib/gcc/arm-none-eabi/4.8.4/armv7-m/crtbegin.o
 .eh_frame      0x08000b08        0x4 c:/program files/embitz/0.42/share/em_armgcc/bin/../lib/gcc/arm-none-eabi/4.8.4/armv7-m/crtend.o

.glue_7         0x08000b0c        0x0
 .glue_7        0x00000000        0x0 linker stubs

.glue_7t        0x08000b0c        0x0
 .glue_7t       0x00000000        0x0 linker stubs

.vfp11_veneer   0x08000b0c        0x0
 .vfp11_veneer  0x00000000        0x0 linker stubs

.v4_bx          0x08000b0c        0x0
 .v4_bx         0x00000000        0x0 linker stubs

.iplt           0x08000b0c        0x0
 .iplt          0x00000000        0x0 c:/program files/embitz/0.42/share/em_armgcc/bin/../lib/gcc/arm-none-eabi/4.8.4/armv7-m/crtbegin.o

.ARM.extab
 *(.ARM.extab* .gnu.linkonce.armextab.*)
                0x08000b0c                __exidx_start = .

.ARM.exidx      0x08000b0c        0x8
 *(.ARM.exidx* .gnu.linkonce.armexidx.*)
 .ARM.exidx     0x08000b0c        0x8 c:/program files/embitz/0.42/share/em_armgcc/bin/../lib/gcc/arm-none-eabi/4.8.4/../../../../arm-none-eabi/lib/armv7-m/crt0.o
                0x08000b14                __exidx_end = .
                0x08000b14                __etext = .

.rel.dyn        0x08000b14        0x0
 .rel.iplt      0x00000000        0x0 c:/program files/embitz/0.42/share/em_armgcc/bin/../lib/gcc/arm-none-eabi/4.8.4/armv7-m/crtbegin.o

.data           0x20000000       0x68 load address 0x08000b14
                0x20000000                __data_start__ = .
 *(vtable)
 *(.data*)
 .data.impure_data
                0x20000000       0x60 c:/program files/embitz/0.42/share/em_armgcc/bin/../lib/gcc/arm-none-eabi/4.8.4/../../../../arm-none-eabi/lib/armv7-m\libg_n.a(lib_a-impure.o)
                0x20000060                . = ALIGN (0x4)
                0x20000060                PROVIDE (__preinit_array_start, .)
 *(.preinit_array)
                0x20000060                PROVIDE (__preinit_array_end, .)
                0x20000060                . = ALIGN (0x4)
                0x20000060                PROVIDE (__init_array_start, .)
 *(SORT(.init_array.*))
 *(.init_array)
 .init_array    0x20000060        0x4 c:/program files/embitz/0.42/share/em_armgcc/bin/../lib/gcc/arm-none-eabi/4.8.4/armv7-m/crtbegin.o
                0x20000064                PROVIDE (__init_array_end, .)
                0x20000064                . = ALIGN (0x4)
                0x20000064                PROVIDE (__fini_array_start, .)
 *(SORT(.fini_array.*))
 *(.fini_array)
 .fini_array    0x20000064        0x4 c:/program files/embitz/0.42/share/em_armgcc/bin/../lib/gcc/arm-none-eabi/4.8.4/armv7-m/crtbegin.o
                0x20000068                PROVIDE (__fini_array_end, .)
                0x20000068                . = ALIGN (0x4)
                0x20000068                __data_end__ = .

.jcr            0x20000068        0x0 load address 0x08000b7c
 .jcr           0x20000068        0x0 c:/program files/embitz/0.42/share/em_armgcc/bin/../lib/gcc/arm-none-eabi/4.8.4/armv7-m/crtbegin.o

.igot.plt       0x20000068        0x0 load address 0x08000b7c
 .igot.plt      0x00000000        0x0 c:/program files/embitz/0.42/share/em_armgcc/bin/../lib/gcc/arm-none-eabi/4.8.4/armv7-m/crtbegin.o

.bss            0x20000068       0x28 load address 0x08000b7c
                0x20000068                __bss_start__ = .
 *(.bss*)
 .bss           0x20000068       0x1c c:/program files/embitz/0.42/share/em_armgcc/bin/../lib/gcc/arm-none-eabi/4.8.4/armv7-m/crtbegin.o
 .bss.readings  0x20000084        0xc obj\debug\src\main.o
                0x20000084                readings
 *(COMMON)
                0x20000090                __bss_end__ = .

.heap           0x20000090        0x0
                0x20000090                __end__ = .
                0x20000090                end = __end__
 *(.heap*)
 .heap          0x20000090        0x0 obj\debug\src\startup_stm32f10x_md.o
                0x20000090                __HeapLimit = .

.stack_dummy    0x20000090      0x100
 *(.stack)
 .stack         0x20000090      0x100 obj\debug\src\startup_stm32f10x_md.o
                0x20005000                __StackTop = (ORIGIN (RAM) + 0x5000)
                0x20004f00                __StackLimit = (__StackTop - SIZEOF (.stack_dummy))
                0x20005000                PROVIDE (__stack, __StackTop)
                0x00000001                ASSERT ((__StackLimit >= __HeapLimit), region RAM overflowed with stack)
LOAD obj\debug\spl\src\misc.o
LOAD obj\debug\spl\src\stm32f10x_adc.o
LOAD obj\debug\spl\src\stm32f10x_bkp.o
LOAD obj\debug\spl\src\stm32f10x_can.o
LOAD obj\debug\spl\src\stm32f10x_cec.o
LOAD obj\debug\spl\src\stm32f10x_crc.o
LOAD obj\debug\spl\src\stm32f10x_dac.o
LOAD obj\debug\spl\src\stm32f10x_dbgmcu.o
LOAD obj\debug\spl\src\stm32f10x_dma.o
LOAD obj\debug\spl\src\stm32f10x_exti.o
LOAD obj\debug\spl\src\stm32f10x_flash.o
LOAD obj\debug\spl\src\stm32f10x_fsmc.o
LOAD obj\debug\spl\src\stm32f10x_gpio.o
LOAD obj\debug\spl\src\stm32f10x_i2c.o
LOAD obj\debug\spl\src\stm32f10x_iwdg.o
LOAD obj\debug\spl\src\stm32f10x_pwr.o
LOAD obj\debug\spl\src\stm32f10x_rcc.o
LOAD obj\debug\spl\src\stm32f10x_rtc.o
LOAD obj\debug\spl\src\stm32f10x_sdio.o
LOAD obj\debug\spl\src\stm32f10x_spi.o
LOAD obj\debug\spl\src\stm32f10x_tim.o
LOAD obj\debug\spl\src\stm32f10x_usart.o
LOAD obj\debug\spl\src\stm32f10x_wwdg.o
LOAD obj\debug\src\adxl345.o
LOAD obj\debug\src\main.o
LOAD obj\debug\src\startup_stm32f10x_md.o
LOAD obj\debug\src\system_stm32f10x.o
START GROUP
LOAD c:/program files/embitz/0.42/share/em_armgcc/bin/../lib/gcc/arm-none-eabi/4.8.4/armv7-m\libgcc.a
LOAD c:/program files/embitz/0.42/share/em_armgcc/bin/../lib/gcc/arm-none-eabi/4.8.4/../../../../arm-none-eabi/lib/armv7-m\libg_n.a
LOAD c:/program files/embitz/0.42/share/em_armgcc/bin/../lib/gcc/arm-none-eabi/4.8.4/../../../../arm-none-eabi/lib/armv7-m\libc_n.a
END GROUP
START GROUP
LOAD c:/program files/embitz/0.42/share/em_armgcc/bin/../lib/gcc/arm-none-eabi/4.8.4/armv7-m\libgcc.a
LOAD c:/program files/embitz/0.42/share/em_armgcc/bin/../lib/gcc/arm-none-eabi/4.8.4/../../../../arm-none-eabi/lib/armv7-m\libc_n.a
LOAD c:/program files/embitz/0.42/share/em_armgcc/bin/../lib/gcc/arm-none-eabi/4.8.4/../../../../arm-none-eabi/lib/armv7-m\libnosys_s.a
END GROUP
LOAD c:/program files/embitz/0.42/share/em_armgcc/bin/../lib/gcc/arm-none-eabi/4.8.4/armv7-m/crtend.o
LOAD c:/program files/embitz/0.42/share/em_armgcc/bin/../lib/gcc/arm-none-eabi/4.8.4/armv7-m/crtn.o
OUTPUT(bin\Debug\accelerate_1.elf elf32-littlearm)

.ARM.attributes
                0x00000000       0x29
 .ARM.attributes
                0x00000000       0x1d c:/program files/embitz/0.42/share/em_armgcc/bin/../lib/gcc/arm-none-eabi/4.8.4/armv7-m/crti.o
 .ARM.attributes
                0x0000001d       0x2d c:/program files/embitz/0.42/share/em_armgcc/bin/../lib/gcc/arm-none-eabi/4.8.4/armv7-m/crtbegin.o
 .ARM.attributes
                0x0000004a       0x1b c:/program files/embitz/0.42/share/em_armgcc/bin/../lib/gcc/arm-none-eabi/4.8.4/../../../../arm-none-eabi/lib/armv7-m/crt0.o
 .ARM.attributes
                0x00000065       0x33 obj\debug\spl\src\stm32f10x_gpio.o
 .ARM.attributes
                0x00000098       0x33 obj\debug\spl\src\stm32f10x_rcc.o
 .ARM.attributes
                0x000000cb       0x33 obj\debug\spl\src\stm32f10x_spi.o
 .ARM.attributes
                0x000000fe       0x33 obj\debug\src\main.o
 .ARM.attributes
                0x00000131       0x1b obj\debug\src\startup_stm32f10x_md.o
 .ARM.attributes
                0x0000014c       0x33 obj\debug\src\system_stm32f10x.o
 .ARM.attributes
                0x0000017f       0x2d c:/program files/embitz/0.42/share/em_armgcc/bin/../lib/gcc/arm-none-eabi/4.8.4/../../../../arm-none-eabi/lib/armv7-m\libg_n.a(lib_a-exit.o)
 .ARM.attributes
                0x000001ac       0x2d c:/program files/embitz/0.42/share/em_armgcc/bin/../lib/gcc/arm-none-eabi/4.8.4/../../../../arm-none-eabi/lib/armv7-m\libg_n.a(lib_a-impure.o)
 .ARM.attributes
                0x000001d9       0x2d c:/program files/embitz/0.42/share/em_armgcc/bin/../lib/gcc/arm-none-eabi/4.8.4/../../../../arm-none-eabi/lib/armv7-m\libg_n.a(lib_a-init.o)
 .ARM.attributes
                0x00000206       0x2d c:/program files/embitz/0.42/share/em_armgcc/bin/../lib/gcc/arm-none-eabi/4.8.4/../../../../arm-none-eabi/lib/armv7-m\libg_n.a(lib_a-memset.o)
 .ARM.attributes
                0x00000233       0x2d c:/program files/embitz/0.42/share/em_armgcc/bin/../lib/gcc/arm-none-eabi/4.8.4/../../../../arm-none-eabi/lib/armv7-m\libnosys_s.a(_exit.o)
 .ARM.attributes
                0x00000260       0x2d c:/program files/embitz/0.42/share/em_armgcc/bin/../lib/gcc/arm-none-eabi/4.8.4/armv7-m/crtend.o
 .ARM.attributes
                0x0000028d       0x1d c:/program files/embitz/0.42/share/em_armgcc/bin/../lib/gcc/arm-none-eabi/4.8.4/armv7-m/crtn.o

.comment        0x00000000       0x46
 .comment       0x00000000       0x46 obj\debug\spl\src\stm32f10x_gpio.o
                                 0x47 (size before relaxing)
 .comment       0x00000000       0x47 obj\debug\spl\src\stm32f10x_rcc.o
 .comment       0x00000000       0x47 obj\debug\spl\src\stm32f10x_spi.o
 .comment       0x00000000       0x47 obj\debug\src\main.o
 .comment       0x00000000       0x47 obj\debug\src\system_stm32f10x.o

.debug_info     0x00000000     0x2349
 .debug_info    0x00000000      0x6ef obj\debug\spl\src\stm32f10x_gpio.o
 .debug_info    0x000006ef      0x895 obj\debug\spl\src\stm32f10x_rcc.o
 .debug_info    0x00000f84      0x8fb obj\debug\spl\src\stm32f10x_spi.o
 .debug_info    0x0000187f      0x5f0 obj\debug\src\main.o
 .debug_info    0x00001e6f       0x59 obj\debug\src\startup_stm32f10x_md.o
 .debug_info    0x00001ec8      0x481 obj\debug\src\system_stm32f10x.o

.debug_abbrev   0x00000000      0x829
 .debug_abbrev  0x00000000      0x1cd obj\debug\spl\src\stm32f10x_gpio.o
 .debug_abbrev  0x000001cd      0x1bf obj\debug\spl\src\stm32f10x_rcc.o
 .debug_abbrev  0x0000038c      0x183 obj\debug\spl\src\stm32f10x_spi.o
 .debug_abbrev  0x0000050f      0x1b5 obj\debug\src\main.o
 .debug_abbrev  0x000006c4       0x14 obj\debug\src\startup_stm32f10x_md.o
 .debug_abbrev  0x000006d8      0x151 obj\debug\src\system_stm32f10x.o

.debug_aranges  0x00000000      0x348
 .debug_aranges
                0x00000000       0xa8 obj\debug\spl\src\stm32f10x_gpio.o
 .debug_aranges
                0x000000a8      0x118 obj\debug\spl\src\stm32f10x_rcc.o
 .debug_aranges
                0x000001c0       0xd0 obj\debug\spl\src\stm32f10x_spi.o
 .debug_aranges
                0x00000290       0x60 obj\debug\src\main.o
 .debug_aranges
                0x000002f0       0x20 obj\debug\src\startup_stm32f10x_md.o
 .debug_aranges
                0x00000310       0x38 obj\debug\src\system_stm32f10x.o

.debug_ranges   0x00000000      0x2d8
 .debug_ranges  0x00000000       0x98 obj\debug\spl\src\stm32f10x_gpio.o
 .debug_ranges  0x00000098      0x108 obj\debug\spl\src\stm32f10x_rcc.o
 .debug_ranges  0x000001a0       0xc0 obj\debug\spl\src\stm32f10x_spi.o
 .debug_ranges  0x00000260       0x50 obj\debug\src\main.o
 .debug_ranges  0x000002b0       0x28 obj\debug\src\system_stm32f10x.o

.debug_macro    0x00000000     0x138b
 .debug_macro   0x00000000      0x1c5 obj\debug\spl\src\stm32f10x_gpio.o
 .debug_macro   0x000001c5      0x2a6 obj\debug\spl\src\stm32f10x_gpio.o
 .debug_macro   0x0000046b      0x293 obj\debug\spl\src\stm32f10x_rcc.o
 .debug_macro   0x000006fe      0x3dc obj\debug\spl\src\stm32f10x_rcc.o
 .debug_macro   0x00000ada      0x1dd obj\debug\spl\src\stm32f10x_spi.o
 .debug_macro   0x00000cb7      0x2be obj\debug\spl\src\stm32f10x_spi.o
 .debug_macro   0x00000f75      0x184 obj\debug\src\main.o
 .debug_macro   0x000010f9      0x118 obj\debug\src\main.o
 .debug_macro   0x00001211      0x17a obj\debug\src\system_stm32f10x.o

.debug_line     0x00000000     0x1c66
 .debug_line    0x00000000      0x596 obj\debug\spl\src\stm32f10x_gpio.o
 .debug_line    0x00000596      0x6a5 obj\debug\spl\src\stm32f10x_rcc.o
 .debug_line    0x00000c3b      0x5f7 obj\debug\spl\src\stm32f10x_spi.o
 .debug_line    0x00001232      0x519 obj\debug\src\main.o
 .debug_line    0x0000174b       0xa8 obj\debug\src\startup_stm32f10x_md.o
 .debug_line    0x000017f3      0x473 obj\debug\src\system_stm32f10x.o

.debug_str      0x00000000    0x4fcd2
 .debug_str     0x00000000    0x4e57b obj\debug\spl\src\stm32f10x_gpio.o
                              0x4e6e2 (size before relaxing)
 .debug_str     0x0004e57b      0xb44 obj\debug\spl\src\stm32f10x_rcc.o
                              0x4ecc8 (size before relaxing)
 .debug_str     0x0004f0bf      0x607 obj\debug\spl\src\stm32f10x_spi.o
                              0x4e7e2 (size before relaxing)
 .debug_str     0x0004f6c6      0x501 obj\debug\src\main.o
                              0x4e853 (size before relaxing)
 .debug_str     0x0004fbc7      0x10b obj\debug\src\system_stm32f10x.o
                              0x4e2a3 (size before relaxing)

.debug_frame    0x00000000      0xa74
 .debug_frame   0x00000000      0x210 obj\debug\spl\src\stm32f10x_gpio.o
 .debug_frame   0x00000210      0x388 obj\debug\spl\src\stm32f10x_rcc.o
 .debug_frame   0x00000598      0x29c obj\debug\spl\src\stm32f10x_spi.o
 .debug_frame   0x00000834      0x12c obj\debug\src\main.o
 .debug_frame   0x00000960       0x80 obj\debug\src\system_stm32f10x.o
 .debug_frame   0x000009e0       0x28 c:/program files/embitz/0.42/share/em_armgcc/bin/../lib/gcc/arm-none-eabi/4.8.4/../../../../arm-none-eabi/lib/armv7-m\libg_n.a(lib_a-exit.o)
 .debug_frame   0x00000a08       0x2c c:/program files/embitz/0.42/share/em_armgcc/bin/../lib/gcc/arm-none-eabi/4.8.4/../../../../arm-none-eabi/lib/armv7-m\libg_n.a(lib_a-init.o)
 .debug_frame   0x00000a34       0x20 c:/program files/embitz/0.42/share/em_armgcc/bin/../lib/gcc/arm-none-eabi/4.8.4/../../../../arm-none-eabi/lib/armv7-m\libg_n.a(lib_a-memset.o)
 .debug_frame   0x00000a54       0x20 c:/program files/embitz/0.42/share/em_armgcc/bin/../lib/gcc/arm-none-eabi/4.8.4/../../../../arm-none-eabi/lib/armv7-m\libnosys_s.a(_exit.o)

.stabstr        0x00000000       0x76
 .stabstr       0x00000000       0x76 c:/program files/embitz/0.42/share/em_armgcc/bin/../lib/gcc/arm-none-eabi/4.8.4/../../../../arm-none-eabi/lib/armv7-m\libnosys_s.a(getpid.o)
